// Jest Snapshot v1, https://goo.gl/fbAQLP

exports[`render <NavListItemWrapper /> 1`] = `
<a
  aria-current={null}
  aria-disabled={false}
  className="MuiButtonBase-root MuiListItem-root MuiListItem-gutters MuiListItem-button"
  href="/test"
  onBlur={[Function]}
  onClick={[Function]}
  onDragLeave={[Function]}
  onFocus={[Function]}
  onKeyDown={[Function]}
  onKeyUp={[Function]}
  onMouseDown={[Function]}
  onMouseLeave={[Function]}
  onMouseUp={[Function]}
  onTouchEnd={[Function]}
  onTouchMove={[Function]}
  onTouchStart={[Function]}
  role="button"
  tabIndex={0}
/>
`;
