// Jest Snapshot v1, https://goo.gl/fbAQLP

exports[`render <EmailChangeFormWrapper /> 1`] = `
<form
  action="#"
  onReset={[Function]}
  onSubmit={[Function]}
>
  <div
    className="MuiGrid-root MuiGrid-container MuiGrid-spacing-xs-1 MuiGrid-direction-xs-column"
  >
    <div
      className="MuiGrid-root MuiGrid-container MuiGrid-item MuiGrid-direction-xs-column MuiGrid-grid-md-4"
    >
      <h5
        className="MuiTypography-root MuiTypography-h5"
      >
        Change Email
      </h5>
      <div
        className="MuiFormControl-root MuiTextField-root"
      >
        <label
          className="MuiFormLabel-root MuiInputLabel-root MuiInputLabel-formControl MuiInputLabel-animated Mui-required Mui-required"
          data-shrink={false}
        >
          E-Mail
          <span
            aria-hidden={true}
            className="MuiFormLabel-asterisk MuiInputLabel-asterisk"
          >
            â€‰
            *
          </span>
        </label>
        <div
          className="MuiInputBase-root MuiInput-root MuiInput-underline MuiInputBase-formControl MuiInput-formControl"
          onClick={[Function]}
        >
          <input
            aria-invalid={false}
            autoFocus={false}
            className="MuiInputBase-input MuiInput-input"
            disabled={false}
            name="email"
            onAnimationStart={[Function]}
            onBlur={[Function]}
            onChange={[Function]}
            onFocus={[Function]}
            required={true}
            type="email"
            value=""
          />
        </div>
      </div>
      <div
        className="MuiGrid-root makeStyles-saveButton-1 MuiGrid-container MuiGrid-justify-xs-flex-end"
      >
        <button
          className="MuiButtonBase-root MuiButton-root MuiButton-contained MuiButton-containedPrimary"
          disabled={false}
          name="save"
          onBlur={[Function]}
          onClick={[Function]}
          onDragLeave={[Function]}
          onFocus={[Function]}
          onKeyDown={[Function]}
          onKeyUp={[Function]}
          onMouseDown={[Function]}
          onMouseLeave={[Function]}
          onMouseUp={[Function]}
          onTouchEnd={[Function]}
          onTouchMove={[Function]}
          onTouchStart={[Function]}
          tabIndex={0}
          type="button"
        >
          <span
            className="MuiButton-label"
          >
            <span
              className="MuiButton-startIcon MuiButton-iconSizeMedium"
            >
              <svg
                aria-hidden={true}
                className="MuiSvgIcon-root"
                focusable="false"
                viewBox="0 0 24 24"
              >
                <path
                  d="M17 3H5c-1.11 0-2 .9-2 2v14c0 1.1.89 2 2 2h14c1.1 0 2-.9 2-2V7l-4-4zm-5 16c-1.66 0-3-1.34-3-3s1.34-3 3-3 3 1.34 3 3-1.34 3-3 3zm3-10H5V5h10v4z"
                />
              </svg>
            </span>
            Save
          </span>
        </button>
      </div>
    </div>
  </div>
</form>
`;
